{"name"=>"examples loading",
 "kind"=>nil,
 "status"=>{"code"=>1, "description"=>""},
 "parent_span_id"=>"1",
 "total_recorded_attributes"=>1,
 "total_recorded_events"=>0,
 "total_recorded_links"=>0,
 "start_timestamp"=>1638506618081000000,
 "end_timestamp"=>1638506619023000000,
 "attributes"=>{"rspec.type"=>"loading"},
 "links"=>nil,
 "events"=>nil,
 "resource"=>{"attributes"=>{"test.attribute"=>1}},
 "instrumentation_library"=>
  {"name"=>"rspec-trace-formatter", "version"=>"0.1.2.pre.version"},
 "span_id"=>"2",
 "trace_id"=>"1",
 "trace_flags"=>{"flags"=>1},
 "tracestate"=>{"hash"=>{}}}

{"name"=>"outputs a correct start notification",
 "kind"=>nil,
 "status"=>{"code"=>1, "description"=>""},
 "parent_span_id"=>"4",
 "total_recorded_attributes"=>4,
 "total_recorded_events"=>0,
 "total_recorded_links"=>0,
 "start_timestamp"=>1638506619023000000,
 "end_timestamp"=>1638506619032000000,
 "attributes"=>
  {"rspec.example.full_description"=>
    "RSpec::Trace::Formatter outputs a correct start notification",
   "rspec.example.file_path"=>"./spec/rspec/trace/formatter_spec.rb",
   "rspec.example.location"=>"./spec/rspec/trace/formatter_spec.rb:20",
   "rspec.type"=>"example"},
 "links"=>nil,
 "events"=>nil,
 "resource"=>{"attributes"=>{"test.attribute"=>1}},
 "instrumentation_library"=>
  {"name"=>"rspec-trace-formatter", "version"=>"0.1.2.pre.version"},
 "span_id"=>"5",
 "trace_id"=>"1",
 "trace_flags"=>{"flags"=>1},
 "tracestate"=>{"hash"=>{}}}

{"name"=>"outputs a correct example_group_started notification",
 "kind"=>nil,
 "status"=>{"code"=>1, "description"=>""},
 "parent_span_id"=>"4",
 "total_recorded_attributes"=>4,
 "total_recorded_events"=>0,
 "total_recorded_links"=>0,
 "start_timestamp"=>1638506619033000000,
 "end_timestamp"=>1638506619033000000,
 "attributes"=>
  {"rspec.example.full_description"=>
    "RSpec::Trace::Formatter outputs a correct example_group_started notification",
   "rspec.example.file_path"=>"./spec/rspec/trace/formatter_spec.rb",
   "rspec.example.location"=>"./spec/rspec/trace/formatter_spec.rb:34",
   "rspec.type"=>"example"},
 "links"=>nil,
 "events"=>nil,
 "resource"=>{"attributes"=>{"test.attribute"=>1}},
 "instrumentation_library"=>
  {"name"=>"rspec-trace-formatter", "version"=>"0.1.2.pre.version"},
 "span_id"=>"6",
 "trace_id"=>"1",
 "trace_flags"=>{"flags"=>1},
 "tracestate"=>{"hash"=>{}}}

{"name"=>"outputs a correct example_group_finished notification",
 "kind"=>nil,
 "status"=>{"code"=>1, "description"=>""},
 "parent_span_id"=>"4",
 "total_recorded_attributes"=>4,
 "total_recorded_events"=>0,
 "total_recorded_links"=>0,
 "start_timestamp"=>1638506619033000000,
 "end_timestamp"=>1638506619033000000,
 "attributes"=>
  {"rspec.example.full_description"=>
    "RSpec::Trace::Formatter outputs a correct example_group_finished notification",
   "rspec.example.file_path"=>"./spec/rspec/trace/formatter_spec.rb",
   "rspec.example.location"=>"./spec/rspec/trace/formatter_spec.rb:58",
   "rspec.type"=>"example"},
 "links"=>nil,
 "events"=>nil,
 "resource"=>{"attributes"=>{"test.attribute"=>1}},
 "instrumentation_library"=>
  {"name"=>"rspec-trace-formatter", "version"=>"0.1.2.pre.version"},
 "span_id"=>"7",
 "trace_id"=>"1",
 "trace_flags"=>{"flags"=>1},
 "tracestate"=>{"hash"=>{}}}

{"name"=>"outputs a correct example_started notification",
 "kind"=>nil,
 "status"=>{"code"=>1, "description"=>""},
 "parent_span_id"=>"4",
 "total_recorded_attributes"=>4,
 "total_recorded_events"=>0,
 "total_recorded_links"=>0,
 "start_timestamp"=>1638506619033000000,
 "end_timestamp"=>1638506619034000000,
 "attributes"=>
  {"rspec.example.full_description"=>
    "RSpec::Trace::Formatter outputs a correct example_started notification",
   "rspec.example.file_path"=>"./spec/rspec/trace/formatter_spec.rb",
   "rspec.example.location"=>"./spec/rspec/trace/formatter_spec.rb:82",
   "rspec.type"=>"example"},
 "links"=>nil,
 "events"=>nil,
 "resource"=>{"attributes"=>{"test.attribute"=>1}},
 "instrumentation_library"=>
  {"name"=>"rspec-trace-formatter", "version"=>"0.1.2.pre.version"},
 "span_id"=>"8",
 "trace_id"=>"1",
 "trace_flags"=>{"flags"=>1},
 "tracestate"=>{"hash"=>{}}}

{"name"=>"outputs a correct example_passed notification",
 "kind"=>nil,
 "status"=>{"code"=>1, "description"=>""},
 "parent_span_id"=>"4",
 "total_recorded_attributes"=>4,
 "total_recorded_events"=>0,
 "total_recorded_links"=>0,
 "start_timestamp"=>1638506619034000000,
 "end_timestamp"=>1638506619034000000,
 "attributes"=>
  {"rspec.example.full_description"=>
    "RSpec::Trace::Formatter outputs a correct example_passed notification",
   "rspec.example.file_path"=>"./spec/rspec/trace/formatter_spec.rb",
   "rspec.example.location"=>"./spec/rspec/trace/formatter_spec.rb:109",
   "rspec.type"=>"example"},
 "links"=>nil,
 "events"=>nil,
 "resource"=>{"attributes"=>{"test.attribute"=>1}},
 "instrumentation_library"=>
  {"name"=>"rspec-trace-formatter", "version"=>"0.1.2.pre.version"},
 "span_id"=>"9",
 "trace_id"=>"1",
 "trace_flags"=>{"flags"=>1},
 "tracestate"=>{"hash"=>{}}}

{"name"=>"outputs a correct example_pending notification",
 "kind"=>nil,
 "status"=>{"code"=>1, "description"=>""},
 "parent_span_id"=>"4",
 "total_recorded_attributes"=>4,
 "total_recorded_events"=>0,
 "total_recorded_links"=>0,
 "start_timestamp"=>1638506619034000000,
 "end_timestamp"=>1638506619034000000,
 "attributes"=>
  {"rspec.example.full_description"=>
    "RSpec::Trace::Formatter outputs a correct example_pending notification",
   "rspec.example.file_path"=>"./spec/rspec/trace/formatter_spec.rb",
   "rspec.example.location"=>"./spec/rspec/trace/formatter_spec.rb:136",
   "rspec.type"=>"example"},
 "links"=>nil,
 "events"=>nil,
 "resource"=>{"attributes"=>{"test.attribute"=>1}},
 "instrumentation_library"=>
  {"name"=>"rspec-trace-formatter", "version"=>"0.1.2.pre.version"},
 "span_id"=>"10",
 "trace_id"=>"1",
 "trace_flags"=>{"flags"=>1},
 "tracestate"=>{"hash"=>{}}}

{"name"=>"outputs a correct example_failed notification",
 "kind"=>nil,
 "status"=>{"code"=>1, "description"=>""},
 "parent_span_id"=>"4",
 "total_recorded_attributes"=>4,
 "total_recorded_events"=>0,
 "total_recorded_links"=>0,
 "start_timestamp"=>1638506619035000000,
 "end_timestamp"=>1638506619035000000,
 "attributes"=>
  {"rspec.example.full_description"=>
    "RSpec::Trace::Formatter outputs a correct example_failed notification",
   "rspec.example.file_path"=>"./spec/rspec/trace/formatter_spec.rb",
   "rspec.example.location"=>"./spec/rspec/trace/formatter_spec.rb:163",
   "rspec.type"=>"example"},
 "links"=>nil,
 "events"=>nil,
 "resource"=>{"attributes"=>{"test.attribute"=>1}},
 "instrumentation_library"=>
  {"name"=>"rspec-trace-formatter", "version"=>"0.1.2.pre.version"},
 "span_id"=>"11",
 "trace_id"=>"1",
 "trace_flags"=>{"flags"=>1},
 "tracestate"=>{"hash"=>{}}}

{"name"=>"outputs a correct stop notification",
 "kind"=>nil,
 "status"=>{"code"=>1, "description"=>""},
 "parent_span_id"=>"4",
 "total_recorded_attributes"=>4,
 "total_recorded_events"=>0,
 "total_recorded_links"=>0,
 "start_timestamp"=>1638506619035000000,
 "end_timestamp"=>1638506619035000000,
 "attributes"=>
  {"rspec.example.full_description"=>
    "RSpec::Trace::Formatter outputs a correct stop notification",
   "rspec.example.file_path"=>"./spec/rspec/trace/formatter_spec.rb",
   "rspec.example.location"=>"./spec/rspec/trace/formatter_spec.rb:198",
   "rspec.type"=>"example"},
 "links"=>nil,
 "events"=>nil,
 "resource"=>{"attributes"=>{"test.attribute"=>1}},
 "instrumentation_library"=>
  {"name"=>"rspec-trace-formatter", "version"=>"0.1.2.pre.version"},
 "span_id"=>"12",
 "trace_id"=>"1",
 "trace_flags"=>{"flags"=>1},
 "tracestate"=>{"hash"=>{}}}

{"name"=>"RSpec::Trace::Formatter",
 "kind"=>nil,
 "status"=>{"code"=>1, "description"=>""},
 "parent_span_id"=>"3",
 "total_recorded_attributes"=>4,
 "total_recorded_events"=>0,
 "total_recorded_links"=>0,
 "start_timestamp"=>1638506619023000000,
 "end_timestamp"=>1638506619035000000,
 "attributes"=>
  {"rspec.example.described_class"=>"RSpec::Trace::Formatter",
   "rspec.example.file_path"=>"./spec/rspec/trace/formatter_spec.rb",
   "rspec.example.location"=>"./spec/rspec/trace/formatter_spec.rb:5",
   "rspec.type"=>"example_group"},
 "links"=>nil,
 "events"=>nil,
 "resource"=>{"attributes"=>{"test.attribute"=>1}},
 "instrumentation_library"=>
  {"name"=>"rspec-trace-formatter", "version"=>"0.1.2.pre.version"},
 "span_id"=>"4",
 "trace_id"=>"1",
 "trace_flags"=>{"flags"=>1},
 "tracestate"=>{"hash"=>{}}}

{"name"=>"constructs a formatter to output to an rspec-trace-consumer process",
 "kind"=>nil,
 "status"=>{"code"=>1, "description"=>""},
 "parent_span_id"=>"13",
 "total_recorded_attributes"=>4,
 "total_recorded_events"=>0,
 "total_recorded_links"=>0,
 "start_timestamp"=>1638506619035000000,
 "end_timestamp"=>1638506619036000000,
 "attributes"=>
  {"rspec.example.full_description"=>
    "RSpec::Trace::OpenTelemetryFormatter constructs a formatter to output to an rspec-trace-consumer process",
   "rspec.example.file_path"=>
    "./spec/rspec/trace/open_telemetry_formatter_spec.rb",
   "rspec.example.location"=>
    "./spec/rspec/trace/open_telemetry_formatter_spec.rb:17",
   "rspec.type"=>"example"},
 "links"=>nil,
 "events"=>nil,
 "resource"=>{"attributes"=>{"test.attribute"=>1}},
 "instrumentation_library"=>
  {"name"=>"rspec-trace-formatter", "version"=>"0.1.2.pre.version"},
 "span_id"=>"14",
 "trace_id"=>"1",
 "trace_flags"=>{"flags"=>1},
 "tracestate"=>{"hash"=>{}}}

{"name"=>
  "prints an output object and waits for the process upon receiving the stop notification",
 "kind"=>nil,
 "status"=>{"code"=>1, "description"=>""},
 "parent_span_id"=>"13",
 "total_recorded_attributes"=>4,
 "total_recorded_events"=>0,
 "total_recorded_links"=>0,
 "start_timestamp"=>1638506619036000000,
 "end_timestamp"=>1638506619040000000,
 "attributes"=>
  {"rspec.example.full_description"=>
    "RSpec::Trace::OpenTelemetryFormatter prints an output object and waits for the process upon receiving the stop notification",
   "rspec.example.file_path"=>
    "./spec/rspec/trace/open_telemetry_formatter_spec.rb",
   "rspec.example.location"=>
    "./spec/rspec/trace/open_telemetry_formatter_spec.rb:21",
   "rspec.type"=>"example"},
 "links"=>nil,
 "events"=>nil,
 "resource"=>{"attributes"=>{"test.attribute"=>1}},
 "instrumentation_library"=>
  {"name"=>"rspec-trace-formatter", "version"=>"0.1.2.pre.version"},
 "span_id"=>"15",
 "trace_id"=>"1",
 "trace_flags"=>{"flags"=>1},
 "tracestate"=>{"hash"=>{}}}

{"name"=>"RSpec::Trace::OpenTelemetryFormatter",
 "kind"=>nil,
 "status"=>{"code"=>1, "description"=>""},
 "parent_span_id"=>"3",
 "total_recorded_attributes"=>4,
 "total_recorded_events"=>0,
 "total_recorded_links"=>0,
 "start_timestamp"=>1638506619035000000,
 "end_timestamp"=>1638506619040000000,
 "attributes"=>
  {"rspec.example.described_class"=>"RSpec::Trace::OpenTelemetryFormatter",
   "rspec.example.file_path"=>
    "./spec/rspec/trace/open_telemetry_formatter_spec.rb",
   "rspec.example.location"=>
    "./spec/rspec/trace/open_telemetry_formatter_spec.rb:5",
   "rspec.type"=>"example_group"},
 "links"=>nil,
 "events"=>nil,
 "resource"=>{"attributes"=>{"test.attribute"=>1}},
 "instrumentation_library"=>
  {"name"=>"rspec-trace-formatter", "version"=>"0.1.2.pre.version"},
 "span_id"=>"13",
 "trace_id"=>"1",
 "trace_flags"=>{"flags"=>1},
 "tracestate"=>{"hash"=>{}}}

{"name"=>"examples running",
 "kind"=>nil,
 "status"=>{"code"=>1, "description"=>""},
 "parent_span_id"=>"1",
 "total_recorded_attributes"=>2,
 "total_recorded_events"=>0,
 "total_recorded_links"=>0,
 "start_timestamp"=>1638506619023000000,
 "end_timestamp"=>1638506619040000000,
 "attributes"=>{"rspec.count"=>10, "rspec.type"=>"suite"},
 "links"=>nil,
 "events"=>nil,
 "resource"=>{"attributes"=>{"test.attribute"=>1}},
 "instrumentation_library"=>
  {"name"=>"rspec-trace-formatter", "version"=>"0.1.2.pre.version"},
 "span_id"=>"3",
 "trace_id"=>"1",
 "trace_flags"=>{"flags"=>1},
 "tracestate"=>{"hash"=>{}}}

{"name"=>"rspec",
 "kind"=>nil,
 "status"=>{"code"=>1, "description"=>""},
 "parent_span_id"=>"\x00\x00\x00\x00\x00\x00\x00\x00",
 "total_recorded_attributes"=>0,
 "total_recorded_events"=>0,
 "total_recorded_links"=>0,
 "start_timestamp"=>1638506618081000000,
 "end_timestamp"=>1638506619040000000,
 "attributes"=>{},
 "links"=>nil,
 "events"=>nil,
 "resource"=>{"attributes"=>{"test.attribute"=>1}},
 "instrumentation_library"=>
  {"name"=>"rspec-trace-formatter", "version"=>"0.1.2.pre.version"},
 "span_id"=>"1",
 "trace_id"=>"1",
 "trace_flags"=>{"flags"=>1},
 "tracestate"=>{"hash"=>{}}}
