{"name"=>"examples loading",
 "kind"=>"internal",
 "status"=>{"code"=>1, "description"=>""},
 "parent_span_id"=>"1",
 "total_recorded_attributes"=>1,
 "total_recorded_events"=>0,
 "total_recorded_links"=>0,
 "start_timestamp"=>1638642073977000000,
 "end_timestamp"=>1638642074558000000,
 "attributes"=>{"rspec.type"=>"loading"},
 "links"=>nil,
 "events"=>nil,
 "resource"=>{"attributes"=>{"test.attribute"=>1}},
 "instrumentation_library"=>
  {"name"=>"rspec-trace-formatter", "version"=>"0.1.2.pre.version"},
 "span_id"=>"2",
 "trace_id"=>"1",
 "trace_flags"=>{"flags"=>1},
 "tracestate"=>{"hash"=>{}}}

{"name"=>"has an undefined example",
 "kind"=>"internal",
 "status"=>{"code"=>1, "description"=>""},
 "parent_span_id"=>"4",
 "total_recorded_attributes"=>4,
 "total_recorded_events"=>1,
 "total_recorded_links"=>0,
 "start_timestamp"=>1638642074558000000,
 "end_timestamp"=>1638642074558000000,
 "attributes"=>
  {"rspec.full_description"=>"examples has an undefined example",
   "rspec.file_path"=>"./examples/example_spec.rb",
   "rspec.location"=>"./examples/example_spec.rb:18",
   "rspec.type"=>"example"},
 "links"=>nil,
 "events"=>
  [{"name"=>"Pending", "attributes"=>{}, "timestamp"=>1638642074558000000}],
 "resource"=>{"attributes"=>{"test.attribute"=>1}},
 "instrumentation_library"=>
  {"name"=>"rspec-trace-formatter", "version"=>"0.1.2.pre.version"},
 "span_id"=>"5",
 "trace_id"=>"1",
 "trace_flags"=>{"flags"=>1},
 "tracestate"=>{"hash"=>{}}}

{"name"=>"has an example skipped with xit",
 "kind"=>"internal",
 "status"=>{"code"=>1, "description"=>""},
 "parent_span_id"=>"4",
 "total_recorded_attributes"=>4,
 "total_recorded_events"=>1,
 "total_recorded_links"=>0,
 "start_timestamp"=>1638642074558000000,
 "end_timestamp"=>1638642074558000000,
 "attributes"=>
  {"rspec.full_description"=>"examples has an example skipped with xit",
   "rspec.file_path"=>"./examples/example_spec.rb",
   "rspec.location"=>"./examples/example_spec.rb:20",
   "rspec.type"=>"example"},
 "links"=>nil,
 "events"=>
  [{"name"=>"Pending", "attributes"=>{}, "timestamp"=>1638642074558000000}],
 "resource"=>{"attributes"=>{"test.attribute"=>1}},
 "instrumentation_library"=>
  {"name"=>"rspec-trace-formatter", "version"=>"0.1.2.pre.version"},
 "span_id"=>"6",
 "trace_id"=>"1",
 "trace_flags"=>{"flags"=>1},
 "tracestate"=>{"hash"=>{}}}

{"name"=>"has an explicitly skipped example",
 "kind"=>"internal",
 "status"=>{"code"=>1, "description"=>""},
 "parent_span_id"=>"4",
 "total_recorded_attributes"=>4,
 "total_recorded_events"=>1,
 "total_recorded_links"=>0,
 "start_timestamp"=>1638642074558000000,
 "end_timestamp"=>1638642074558000000,
 "attributes"=>
  {"rspec.full_description"=>"examples has an explicitly skipped example",
   "rspec.file_path"=>"./examples/example_spec.rb",
   "rspec.location"=>"./examples/example_spec.rb:22",
   "rspec.type"=>"example"},
 "links"=>nil,
 "events"=>
  [{"name"=>"Pending", "attributes"=>{}, "timestamp"=>1638642074558000000}],
 "resource"=>{"attributes"=>{"test.attribute"=>1}},
 "instrumentation_library"=>
  {"name"=>"rspec-trace-formatter", "version"=>"0.1.2.pre.version"},
 "span_id"=>"7",
 "trace_id"=>"1",
 "trace_flags"=>{"flags"=>1},
 "tracestate"=>{"hash"=>{}}}

{"name"=>"has a pending example that fails",
 "kind"=>"internal",
 "status"=>{"code"=>1, "description"=>""},
 "parent_span_id"=>"4",
 "total_recorded_attributes"=>4,
 "total_recorded_events"=>1,
 "total_recorded_links"=>0,
 "start_timestamp"=>1638642074559000000,
 "end_timestamp"=>1638642074559000000,
 "attributes"=>
  {"rspec.full_description"=>"examples has a pending example that fails",
   "rspec.file_path"=>"./examples/example_spec.rb",
   "rspec.location"=>"./examples/example_spec.rb:26",
   "rspec.type"=>"example"},
 "links"=>nil,
 "events"=>
  [{"name"=>"Pending", "attributes"=>{}, "timestamp"=>1638642074559000000}],
 "resource"=>{"attributes"=>{"test.attribute"=>1}},
 "instrumentation_library"=>
  {"name"=>"rspec-trace-formatter", "version"=>"0.1.2.pre.version"},
 "span_id"=>"8",
 "trace_id"=>"1",
 "trace_flags"=>{"flags"=>1},
 "tracestate"=>{"hash"=>{}}}

{"name"=>"has a pending example that passes",
 "kind"=>"internal",
 "status"=>{"code"=>2, "description"=>""},
 "parent_span_id"=>"4",
 "total_recorded_attributes"=>4,
 "total_recorded_events"=>1,
 "total_recorded_links"=>0,
 "start_timestamp"=>1638642074559000000,
 "end_timestamp"=>1638642074559000000,
 "attributes"=>
  {"rspec.full_description"=>"examples has a pending example that passes",
   "rspec.file_path"=>"./examples/example_spec.rb",
   "rspec.location"=>"./examples/example_spec.rb:31",
   "rspec.type"=>"example"},
 "links"=>nil,
 "events"=>
  [{"name"=>"exception",
    "attributes"=>
     {"exception.type"=>"RSpec::Core::Pending::PendingExampleFixedError",
      "exception.message"=>
       "Expected example to fail since it is pending, but it passed.",
      "exception.stacktrace"=>
       "./examples/example_spec.rb:31: Expected example to fail since it is pending, but it passed. (RSpec::Core::Pending::PendingExampleFixedError)\n"},
    "timestamp"=>1638642074559000000}],
 "resource"=>{"attributes"=>{"test.attribute"=>1}},
 "instrumentation_library"=>
  {"name"=>"rspec-trace-formatter", "version"=>"0.1.2.pre.version"},
 "span_id"=>"9",
 "trace_id"=>"1",
 "trace_flags"=>{"flags"=>1},
 "tracestate"=>{"hash"=>{}}}

{"name"=>"allows concatenation",
 "kind"=>"internal",
 "status"=>{"code"=>1, "description"=>""},
 "parent_span_id"=>"10",
 "total_recorded_attributes"=>4,
 "total_recorded_events"=>0,
 "total_recorded_links"=>0,
 "start_timestamp"=>1638642074560000000,
 "end_timestamp"=>1638642074560000000,
 "attributes"=>
  {"rspec.full_description"=>"examples String allows concatenation",
   "rspec.file_path"=>"./examples/example_spec.rb",
   "rspec.location"=>"./examples/example_spec.rb:3",
   "rspec.type"=>"example"},
 "links"=>nil,
 "events"=>nil,
 "resource"=>{"attributes"=>{"test.attribute"=>1}},
 "instrumentation_library"=>
  {"name"=>"rspec-trace-formatter", "version"=>"0.1.2.pre.version"},
 "span_id"=>"11",
 "trace_id"=>"1",
 "trace_flags"=>{"flags"=>1},
 "tracestate"=>{"hash"=>{}}}

{"name"=>"fails with bad concatenation",
 "kind"=>"internal",
 "status"=>{"code"=>2, "description"=>""},
 "parent_span_id"=>"10",
 "total_recorded_attributes"=>4,
 "total_recorded_events"=>1,
 "total_recorded_links"=>0,
 "start_timestamp"=>1638642074560000000,
 "end_timestamp"=>1638642074569000000,
 "attributes"=>
  {"rspec.full_description"=>"examples String fails with bad concatenation",
   "rspec.file_path"=>"./examples/example_spec.rb",
   "rspec.location"=>"./examples/example_spec.rb:7",
   "rspec.type"=>"example"},
 "links"=>nil,
 "events"=>
  [{"name"=>"exception",
    "attributes"=>
     {"exception.type"=>"RSpec::Expectations::ExpectationNotMetError",
      "exception.message"=>
       "\n" +
       "expected: \"foo_bar\"\n" +
       "     got: \"foobar\"\n" +
       "\n" +
       "(compared using ==)\n",
      "exception.stacktrace"=>
       "/Users/zthomae/.asdf/installs/ruby/2.7.3/lib/ruby/gems/2.7.0/gems/rspec-support-3.10.3/lib/rspec/support.rb:102:in `block in <module:Support>':  (RSpec::Expectations::ExpectationNotMetError)\n" +
       "expected: \"foo_bar\"\n" +
       "     got: \"foobar\"\n" +
       "\n" +
       "(compared using ==)\n" +
       "\tfrom /Users/zthomae/.asdf/installs/ruby/2.7.3/lib/ruby/gems/2.7.0/gems/rspec-support-3.10.3/lib/rspec/support.rb:111:in `notify_failure'\n" +
       "\tfrom /Users/zthomae/.asdf/installs/ruby/2.7.3/lib/ruby/gems/2.7.0/gems/rspec-expectations-3.10.1/lib/rspec/expectations/fail_with.rb:35:in `fail_with'\n" +
       "\tfrom /Users/zthomae/.asdf/installs/ruby/2.7.3/lib/ruby/gems/2.7.0/gems/rspec-expectations-3.10.1/lib/rspec/expectations/handler.rb:38:in `handle_failure'\n" +
       "\tfrom /Users/zthomae/.asdf/installs/ruby/2.7.3/lib/ruby/gems/2.7.0/gems/rspec-expectations-3.10.1/lib/rspec/expectations/handler.rb:56:in `block in handle_matcher'\n" +
       "\tfrom /Users/zthomae/.asdf/installs/ruby/2.7.3/lib/ruby/gems/2.7.0/gems/rspec-expectations-3.10.1/lib/rspec/expectations/handler.rb:27:in `with_matcher'\n" +
       "\tfrom /Users/zthomae/.asdf/installs/ruby/2.7.3/lib/ruby/gems/2.7.0/gems/rspec-expectations-3.10.1/lib/rspec/expectations/handler.rb:48:in `handle_matcher'\n" +
       "\tfrom /Users/zthomae/.asdf/installs/ruby/2.7.3/lib/ruby/gems/2.7.0/gems/rspec-expectations-3.10.1/lib/rspec/expectations/expectation_target.rb:65:in `to'\n" +
       "\tfrom /Users/zthomae/code/rspec-trace-formatter/examples/example_spec.rb:8:in `block (3 levels) in <top (required)>'\n" +
       "\tfrom /Users/zthomae/.asdf/installs/ruby/2.7.3/lib/ruby/gems/2.7.0/gems/rspec-core-3.10.1/lib/rspec/core/example.rb:262:in `instance_exec'\n" +
       "\tfrom /Users/zthomae/.asdf/installs/ruby/2.7.3/lib/ruby/gems/2.7.0/gems/rspec-core-3.10.1/lib/rspec/core/example.rb:262:in `block in run'\n" +
       "\tfrom /Users/zthomae/.asdf/installs/ruby/2.7.3/lib/ruby/gems/2.7.0/gems/rspec-core-3.10.1/lib/rspec/core/example.rb:508:in `block in with_around_and_singleton_context_hooks'\n" +
       "\tfrom /Users/zthomae/.asdf/installs/ruby/2.7.3/lib/ruby/gems/2.7.0/gems/rspec-core-3.10.1/lib/rspec/core/example.rb:465:in `block in with_around_example_hooks'\n" +
       "\tfrom /Users/zthomae/.asdf/installs/ruby/2.7.3/lib/ruby/gems/2.7.0/gems/rspec-core-3.10.1/lib/rspec/core/hooks.rb:486:in `block in run'\n" +
       "\tfrom /Users/zthomae/.asdf/installs/ruby/2.7.3/lib/ruby/gems/2.7.0/gems/rspec-core-3.10.1/lib/rspec/core/hooks.rb:624:in `run_around_example_hooks_for'\n" +
       "\tfrom /Users/zthomae/.asdf/installs/ruby/2.7.3/lib/ruby/gems/2.7.0/gems/rspec-core-3.10.1/lib/rspec/core/hooks.rb:486:in `run'\n" +
       "\tfrom /Users/zthomae/.asdf/installs/ruby/2.7.3/lib/ruby/gems/2.7.0/gems/rspec-core-3.10.1/lib/rspec/core/example.rb:465:in `with_around_example_hooks'\n" +
       "\tfrom /Users/zthomae/.asdf/installs/ruby/2.7.3/lib/ruby/gems/2.7.0/gems/rspec-core-3.10.1/lib/rspec/core/example.rb:508:in `with_around_and_singleton_context_hooks'\n" +
       "\tfrom /Users/zthomae/.asdf/installs/ruby/2.7.3/lib/ruby/gems/2.7.0/gems/rspec-core-3.10.1/lib/rspec/core/example.rb:259:in `run'\n" +
       "\tfrom /Users/zthomae/.asdf/installs/ruby/2.7.3/lib/ruby/gems/2.7.0/gems/rspec-core-3.10.1/lib/rspec/core/example_group.rb:644:in `block in run_examples'\n" +
       "\tfrom /Users/zthomae/.asdf/installs/ruby/2.7.3/lib/ruby/gems/2.7.0/gems/rspec-core-3.10.1/lib/rspec/core/example_group.rb:640:in `map'\n" +
       "\tfrom /Users/zthomae/.asdf/installs/ruby/2.7.3/lib/ruby/gems/2.7.0/gems/rspec-core-3.10.1/lib/rspec/core/example_group.rb:640:in `run_examples'\n" +
       "\tfrom /Users/zthomae/.asdf/installs/ruby/2.7.3/lib/ruby/gems/2.7.0/gems/rspec-core-3.10.1/lib/rspec/core/example_group.rb:606:in `run'\n" +
       "\tfrom /Users/zthomae/.asdf/installs/ruby/2.7.3/lib/ruby/gems/2.7.0/gems/rspec-core-3.10.1/lib/rspec/core/example_group.rb:607:in `block in run'\n" +
       "\tfrom /Users/zthomae/.asdf/installs/ruby/2.7.3/lib/ruby/gems/2.7.0/gems/rspec-core-3.10.1/lib/rspec/core/example_group.rb:607:in `map'\n" +
       "\tfrom /Users/zthomae/.asdf/installs/ruby/2.7.3/lib/ruby/gems/2.7.0/gems/rspec-core-3.10.1/lib/rspec/core/example_group.rb:607:in `run'\n" +
       "\tfrom /Users/zthomae/.asdf/installs/ruby/2.7.3/lib/ruby/gems/2.7.0/gems/rspec-core-3.10.1/lib/rspec/core/runner.rb:121:in `block (3 levels) in run_specs'\n" +
       "\tfrom /Users/zthomae/.asdf/installs/ruby/2.7.3/lib/ruby/gems/2.7.0/gems/rspec-core-3.10.1/lib/rspec/core/runner.rb:121:in `map'\n" +
       "\tfrom /Users/zthomae/.asdf/installs/ruby/2.7.3/lib/ruby/gems/2.7.0/gems/rspec-core-3.10.1/lib/rspec/core/runner.rb:121:in `block (2 levels) in run_specs'\n" +
       "\tfrom /Users/zthomae/.asdf/installs/ruby/2.7.3/lib/ruby/gems/2.7.0/gems/rspec-core-3.10.1/lib/rspec/core/configuration.rb:2067:in `with_suite_hooks'\n" +
       "\tfrom /Users/zthomae/.asdf/installs/ruby/2.7.3/lib/ruby/gems/2.7.0/gems/rspec-core-3.10.1/lib/rspec/core/runner.rb:116:in `block in run_specs'\n" +
       "\tfrom /Users/zthomae/.asdf/installs/ruby/2.7.3/lib/ruby/gems/2.7.0/gems/rspec-core-3.10.1/lib/rspec/core/reporter.rb:74:in `report'\n" +
       "\tfrom /Users/zthomae/.asdf/installs/ruby/2.7.3/lib/ruby/gems/2.7.0/gems/rspec-core-3.10.1/lib/rspec/core/runner.rb:115:in `run_specs'\n" +
       "\tfrom /Users/zthomae/.asdf/installs/ruby/2.7.3/lib/ruby/gems/2.7.0/gems/rspec-core-3.10.1/lib/rspec/core/runner.rb:89:in `run'\n" +
       "\tfrom /Users/zthomae/.asdf/installs/ruby/2.7.3/lib/ruby/gems/2.7.0/gems/rspec-core-3.10.1/lib/rspec/core/runner.rb:71:in `run'\n" +
       "\tfrom /Users/zthomae/.asdf/installs/ruby/2.7.3/lib/ruby/gems/2.7.0/gems/rspec-core-3.10.1/lib/rspec/core/runner.rb:45:in `invoke'\n" +
       "\tfrom /Users/zthomae/.asdf/installs/ruby/2.7.3/lib/ruby/gems/2.7.0/gems/rspec-core-3.10.1/exe/rspec:4:in `<top (required)>'\n" +
       "\tfrom /Users/zthomae/.asdf/installs/ruby/2.7.3/bin/rspec:23:in `load'\n" +
       "\tfrom /Users/zthomae/.asdf/installs/ruby/2.7.3/bin/rspec:23:in `<main>'\n"},
    "timestamp"=>1638642074569000000}],
 "resource"=>{"attributes"=>{"test.attribute"=>1}},
 "instrumentation_library"=>
  {"name"=>"rspec-trace-formatter", "version"=>"0.1.2.pre.version"},
 "span_id"=>"12",
 "trace_id"=>"1",
 "trace_flags"=>{"flags"=>1},
 "tracestate"=>{"hash"=>{}}}

{"name"=>"String",
 "kind"=>"internal",
 "status"=>{"code"=>1, "description"=>""},
 "parent_span_id"=>"4",
 "total_recorded_attributes"=>4,
 "total_recorded_events"=>0,
 "total_recorded_links"=>0,
 "start_timestamp"=>1638642074560000000,
 "end_timestamp"=>1638642074569000000,
 "attributes"=>
  {"rspec.described_class"=>"String",
   "rspec.file_path"=>"./examples/example_spec.rb",
   "rspec.location"=>"./examples/example_spec.rb:2",
   "rspec.type"=>"example_group"},
 "links"=>nil,
 "events"=>nil,
 "resource"=>{"attributes"=>{"test.attribute"=>1}},
 "instrumentation_library"=>
  {"name"=>"rspec-trace-formatter", "version"=>"0.1.2.pre.version"},
 "span_id"=>"10",
 "trace_id"=>"1",
 "trace_flags"=>{"flags"=>1},
 "tracestate"=>{"hash"=>{}}}

{"name"=>"sleeps",
 "kind"=>"internal",
 "status"=>{"code"=>1, "description"=>""},
 "parent_span_id"=>"13",
 "total_recorded_attributes"=>4,
 "total_recorded_events"=>0,
 "total_recorded_links"=>0,
 "start_timestamp"=>1638642074569000000,
 "end_timestamp"=>1638642077570000000,
 "attributes"=>
  {"rspec.full_description"=>"examples Kernel sleeps",
   "rspec.file_path"=>"./examples/example_spec.rb",
   "rspec.location"=>"./examples/example_spec.rb:13",
   "rspec.type"=>"example"},
 "links"=>nil,
 "events"=>nil,
 "resource"=>{"attributes"=>{"test.attribute"=>1}},
 "instrumentation_library"=>
  {"name"=>"rspec-trace-formatter", "version"=>"0.1.2.pre.version"},
 "span_id"=>"14",
 "trace_id"=>"1",
 "trace_flags"=>{"flags"=>1},
 "tracestate"=>{"hash"=>{}}}

{"name"=>"Kernel",
 "kind"=>"internal",
 "status"=>{"code"=>1, "description"=>""},
 "parent_span_id"=>"4",
 "total_recorded_attributes"=>4,
 "total_recorded_events"=>0,
 "total_recorded_links"=>0,
 "start_timestamp"=>1638642074569000000,
 "end_timestamp"=>1638642077571000000,
 "attributes"=>
  {"rspec.described_class"=>"Kernel",
   "rspec.file_path"=>"./examples/example_spec.rb",
   "rspec.location"=>"./examples/example_spec.rb:12",
   "rspec.type"=>"example_group"},
 "links"=>nil,
 "events"=>nil,
 "resource"=>{"attributes"=>{"test.attribute"=>1}},
 "instrumentation_library"=>
  {"name"=>"rspec-trace-formatter", "version"=>"0.1.2.pre.version"},
 "span_id"=>"13",
 "trace_id"=>"1",
 "trace_flags"=>{"flags"=>1},
 "tracestate"=>{"hash"=>{}}}

{"name"=>"examples",
 "kind"=>"internal",
 "status"=>{"code"=>1, "description"=>""},
 "parent_span_id"=>"3",
 "total_recorded_attributes"=>3,
 "total_recorded_events"=>0,
 "total_recorded_links"=>0,
 "start_timestamp"=>1638642074558000000,
 "end_timestamp"=>1638642077571000000,
 "attributes"=>
  {"rspec.file_path"=>"./examples/example_spec.rb",
   "rspec.location"=>"./examples/example_spec.rb:1",
   "rspec.type"=>"example_group"},
 "links"=>nil,
 "events"=>nil,
 "resource"=>{"attributes"=>{"test.attribute"=>1}},
 "instrumentation_library"=>
  {"name"=>"rspec-trace-formatter", "version"=>"0.1.2.pre.version"},
 "span_id"=>"4",
 "trace_id"=>"1",
 "trace_flags"=>{"flags"=>1},
 "tracestate"=>{"hash"=>{}}}

{"name"=>"examples running",
 "kind"=>"internal",
 "status"=>{"code"=>1, "description"=>""},
 "parent_span_id"=>"1",
 "total_recorded_attributes"=>2,
 "total_recorded_events"=>0,
 "total_recorded_links"=>0,
 "start_timestamp"=>1638642074558000000,
 "end_timestamp"=>1638642077571000000,
 "attributes"=>{"rspec.count"=>8, "rspec.type"=>"suite"},
 "links"=>nil,
 "events"=>nil,
 "resource"=>{"attributes"=>{"test.attribute"=>1}},
 "instrumentation_library"=>
  {"name"=>"rspec-trace-formatter", "version"=>"0.1.2.pre.version"},
 "span_id"=>"3",
 "trace_id"=>"1",
 "trace_flags"=>{"flags"=>1},
 "tracestate"=>{"hash"=>{}}}

{"name"=>"rspec",
 "kind"=>"internal",
 "status"=>{"code"=>1, "description"=>""},
 "parent_span_id"=>"\x00\x00\x00\x00\x00\x00\x00\x00",
 "total_recorded_attributes"=>0,
 "total_recorded_events"=>0,
 "total_recorded_links"=>0,
 "start_timestamp"=>1638642073977000000,
 "end_timestamp"=>1638642077571000000,
 "attributes"=>{},
 "links"=>nil,
 "events"=>nil,
 "resource"=>{"attributes"=>{"test.attribute"=>1}},
 "instrumentation_library"=>
  {"name"=>"rspec-trace-formatter", "version"=>"0.1.2.pre.version"},
 "span_id"=>"1",
 "trace_id"=>"1",
 "trace_flags"=>{"flags"=>1},
 "tracestate"=>{"hash"=>{}}}
